mode: set
github.com/docfrench/diceroller/db.go:13.2,15.16 3 1
github.com/docfrench/diceroller/db.go:16.3,17.1 1 0
github.com/docfrench/diceroller/db.go:21.2,21.63 1 1
github.com/docfrench/diceroller/db.go:22.3,23.1 1 0
github.com/docfrench/diceroller/db.go:25.2,40.12 2 1
github.com/docfrench/diceroller/dice.go:18.2,22.1 9 1
github.com/docfrench/diceroller/dice.go:23.2,26.1 9 1
github.com/docfrench/diceroller/dice.go:27.2,28.20 9 1
github.com/docfrench/diceroller/dice.go:29.3,30.1 1 1
github.com/docfrench/diceroller/dice.go:31.2,33.1 3 1
github.com/docfrench/diceroller/dice.go:34.2,34.16 3 1
github.com/docfrench/diceroller/dice.go:35.3,36.1 1 1
github.com/docfrench/diceroller/dice.go:38.2,38.15 1 1
github.com/docfrench/diceroller/dice.go:40.3,40.20 1 1
github.com/docfrench/diceroller/dice.go:42.4,44.21 3 1
github.com/docfrench/diceroller/dice.go:45.5,48.1 3 1
github.com/docfrench/diceroller/dice.go:49.4,49.17 1 1
github.com/docfrench/diceroller/dice.go:51.5,51.97 1 1
github.com/docfrench/diceroller/dice.go:53.5,53.109 1 0
github.com/docfrench/diceroller/dice.go:54.12,54.12 0 1
github.com/docfrench/diceroller/dice.go:57.4,58.201 2 1
github.com/docfrench/diceroller/dice.go:60.4,62.21 3 1
github.com/docfrench/diceroller/dice.go:63.5,66.1 3 1
github.com/docfrench/diceroller/dice.go:67.4,67.17 1 1
github.com/docfrench/diceroller/dice.go:69.5,69.97 1 0
github.com/docfrench/diceroller/dice.go:71.5,71.109 1 1
github.com/docfrench/diceroller/dice.go:72.12,72.12 0 1
github.com/docfrench/diceroller/dice.go:75.4,76.204 2 1
github.com/docfrench/diceroller/dice.go:78.4,79.1 3 1
github.com/docfrench/diceroller/dice.go:80.4,81.1 3 1
github.com/docfrench/diceroller/dice.go:82.4,82.17 3 1
github.com/docfrench/diceroller/dice.go:84.5,84.97 1 1
github.com/docfrench/diceroller/dice.go:86.5,86.109 1 1
github.com/docfrench/diceroller/dice.go:87.12,87.12 0 1
github.com/docfrench/diceroller/dice.go:91.4,92.45 1 1
github.com/docfrench/diceroller/dice.go:94.3,94.167 1 1
github.com/docfrench/diceroller/dice.go:96.3,98.30 2 1
github.com/docfrench/diceroller/dice.go:99.4,102.1 3 1
github.com/docfrench/diceroller/dice.go:103.3,105.140 3 1
github.com/docfrench/diceroller/dice.go:108.2,116.8 1 1
github.com/docfrench/diceroller/dice.go:121.2,122.46 2 1
github.com/docfrench/diceroller/dice.go:123.3,124.1 1 1
github.com/docfrench/diceroller/dice.go:125.2,127.1 6 1
github.com/docfrench/diceroller/dice.go:128.2,131.1 6 1
github.com/docfrench/diceroller/dice.go:132.2,132.17 6 1
github.com/docfrench/diceroller/dice.go:134.3,134.21 1 1
github.com/docfrench/diceroller/dice.go:135.4,137.44 2 1
github.com/docfrench/diceroller/dice.go:138.5,140.1 2 1
github.com/docfrench/diceroller/dice.go:141.5,143.1 2 1
github.com/docfrench/diceroller/dice.go:145.4,147.44 2 1
github.com/docfrench/diceroller/dice.go:148.5,150.1 2 1
github.com/docfrench/diceroller/dice.go:151.5,153.1 2 1
github.com/docfrench/diceroller/dice.go:156.3,158.21 3 1
github.com/docfrench/diceroller/dice.go:159.4,161.22 2 1
github.com/docfrench/diceroller/dice.go:162.5,164.1 2 1
github.com/docfrench/diceroller/dice.go:164.11,164.26 1 1
github.com/docfrench/diceroller/dice.go:165.5,167.1 2 1
github.com/docfrench/diceroller/dice.go:168.5,170.1 2 1
github.com/docfrench/diceroller/dice.go:172.4,175.1 2 1
github.com/docfrench/diceroller/dice.go:178.3,178.66 1 1
github.com/docfrench/diceroller/dice.go:181.2,182.1 2 1
github.com/docfrench/diceroller/dice.go:183.2,189.8 2 1
github.com/docfrench/diceroller/dice.go:193.2,195.53 3 1
github.com/docfrench/diceroller/dice.go:196.3,197.1 1 1
github.com/docfrench/diceroller/dice.go:199.2,200.20 2 1
github.com/docfrench/diceroller/dice.go:201.3,202.1 1 1
github.com/docfrench/diceroller/dice.go:203.2,205.1 5 1
github.com/docfrench/diceroller/dice.go:206.2,208.29 5 1
github.com/docfrench/diceroller/dice.go:209.3,211.25 3 1
github.com/docfrench/diceroller/dice.go:212.4,213.1 1 1
github.com/docfrench/diceroller/dice.go:214.3,214.16 1 1
github.com/docfrench/diceroller/dice.go:215.4,216.1 1 1
github.com/docfrench/diceroller/dice.go:219.2,220.1 2 1
github.com/docfrench/diceroller/dice.go:221.2,221.18 2 1
github.com/docfrench/diceroller/dice.go:222.3,223.1 1 1
github.com/docfrench/diceroller/dice.go:225.2,227.1 2 1
github.com/docfrench/diceroller/dice.go:228.2,228.19 2 1
github.com/docfrench/diceroller/dice.go:229.3,230.1 1 1
github.com/docfrench/diceroller/dice.go:231.3,232.1 1 1
github.com/docfrench/diceroller/dice.go:234.2,237.1 4 1
github.com/docfrench/diceroller/dice.go:238.2,238.29 4 1
github.com/docfrench/diceroller/dice.go:239.3,239.10 1 1
github.com/docfrench/diceroller/dice.go:241.4,241.93 1 1
github.com/docfrench/diceroller/dice.go:243.4,243.107 1 1
github.com/docfrench/diceroller/dice.go:245.4,245.102 1 1
github.com/docfrench/diceroller/dice.go:249.2,250.1 2 1
github.com/docfrench/diceroller/dice.go:251.2,259.8 2 1
github.com/docfrench/diceroller/main.go:40.2,45.1 1 0
github.com/docfrench/diceroller/main.go:49.2,49.6 1 0
github.com/docfrench/diceroller/main.go:50.3,50.10 1 0
github.com/docfrench/diceroller/main.go:52.4,52.24 1 0
github.com/docfrench/diceroller/main.go:55.4,55.34 1 0
github.com/docfrench/diceroller/main.go:56.5,58.1 2 0
github.com/docfrench/diceroller/main.go:61.4,61.30 1 0
github.com/docfrench/diceroller/main.go:62.5,62.12 1 0
github.com/docfrench/diceroller/main.go:63.20,63.20 0 0
github.com/docfrench/diceroller/main.go:68.6,69.15 2 0
github.com/docfrench/diceroller/main.go:77.2,78.16 2 0
github.com/docfrench/diceroller/main.go:79.3,82.1 3 0
github.com/docfrench/diceroller/main.go:83.2,83.42 1 0
github.com/docfrench/diceroller/main.go:84.3,85.1 1 0
github.com/docfrench/diceroller/main.go:89.2,89.54 1 0
github.com/docfrench/diceroller/main.go:90.3,90.57 1 0
github.com/docfrench/diceroller/main.go:91.4,94.1 3 0
github.com/docfrench/diceroller/main.go:96.3,99.1 6 0
github.com/docfrench/diceroller/main.go:100.3,102.1 6 0
github.com/docfrench/diceroller/main.go:103.3,103.19 6 0
github.com/docfrench/diceroller/main.go:105.4,105.47 1 0
github.com/docfrench/diceroller/main.go:107.4,107.48 1 0
github.com/docfrench/diceroller/main.go:109.4,109.55 1 0
github.com/docfrench/diceroller/main.go:112.3,112.17 1 0
github.com/docfrench/diceroller/main.go:113.4,115.1 2 0
github.com/docfrench/diceroller/main.go:117.3,118.1 3 0
github.com/docfrench/diceroller/main.go:119.3,120.17 3 0
github.com/docfrench/diceroller/main.go:121.4,122.1 1 0
github.com/docfrench/diceroller/main.go:124.3,125.31 2 0
github.com/docfrench/diceroller/main.go:126.4,127.1 1 0
github.com/docfrench/diceroller/main.go:128.3,129.30 2 0
github.com/docfrench/diceroller/main.go:130.4,131.1 1 0
github.com/docfrench/diceroller/main.go:133.3,137.17 2 0
github.com/docfrench/diceroller/main.go:138.4,139.1 1 0
github.com/docfrench/diceroller/main.go:140.3,141.10 2 0
github.com/docfrench/diceroller/main.go:142.34,142.34 0 0
github.com/docfrench/diceroller/main.go:143.11,143.11 0 0
github.com/docfrench/diceroller/main.go:149.2,153.16 2 0
github.com/docfrench/diceroller/main.go:154.3,155.1 1 0
github.com/docfrench/diceroller/main.go:156.2,156.15 1 0
github.com/docfrench/diceroller/main.go:157.3,157.38 1 0
github.com/docfrench/diceroller/main.go:158.4,159.1 1 0
github.com/docfrench/diceroller/main.go:162.2,163.18 2 0
github.com/docfrench/diceroller/main.go:164.3,168.1 7 0
github.com/docfrench/diceroller/main.go:169.3,171.128 7 0
github.com/docfrench/diceroller/main.go:172.4,173.1 1 0
github.com/docfrench/diceroller/main.go:175.3,176.22 2 0
github.com/docfrench/diceroller/main.go:177.4,178.1 1 0
github.com/docfrench/diceroller/main.go:179.3,180.21 2 0
github.com/docfrench/diceroller/main.go:181.4,182.1 1 0
github.com/docfrench/diceroller/main.go:183.3,184.18 2 0
github.com/docfrench/diceroller/main.go:185.4,186.1 1 0
github.com/docfrench/diceroller/main.go:187.3,187.156 1 0
github.com/docfrench/diceroller/main.go:189.2,189.26 1 0
github.com/docfrench/diceroller/main.go:193.2,194.17 2 0
github.com/docfrench/diceroller/main.go:195.3,196.1 1 0
github.com/docfrench/diceroller/main.go:198.2,199.18 2 0
github.com/docfrench/diceroller/main.go:200.3,201.1 1 0
github.com/docfrench/diceroller/main.go:203.2,204.20 2 0
github.com/docfrench/diceroller/main.go:205.3,206.1 1 0
github.com/docfrench/diceroller/main.go:207.2,207.18 1 0
github.com/docfrench/diceroller/main.go:209.3,209.20 1 0
github.com/docfrench/diceroller/main.go:210.4,211.1 1 0
github.com/docfrench/diceroller/main.go:212.4,213.1 1 0
github.com/docfrench/diceroller/main.go:214.3,215.56 1 0
github.com/docfrench/diceroller/main.go:217.3,219.1 3 0
github.com/docfrench/diceroller/main.go:220.3,220.59 3 0
github.com/docfrench/diceroller/main.go:221.4,222.1 1 0
github.com/docfrench/diceroller/main.go:224.3,225.25 2 0
github.com/docfrench/diceroller/main.go:226.4,227.1 1 0
github.com/docfrench/diceroller/main.go:229.3,230.60 1 0
github.com/docfrench/diceroller/main.go:232.3,234.73 2 0
github.com/docfrench/diceroller/main.go:236.3,238.73 2 0
github.com/docfrench/diceroller/main.go:244.2,244.54 1 0
github.com/docfrench/diceroller/main.go:245.3,246.10 2 0
github.com/docfrench/diceroller/main.go:247.4,249.1 2 0
github.com/docfrench/diceroller/main.go:251.3,254.1 5 0
github.com/docfrench/diceroller/main.go:255.3,256.17 5 0
github.com/docfrench/diceroller/main.go:257.4,258.1 1 0
github.com/docfrench/diceroller/main.go:261.4,261.43 1 0
github.com/docfrench/diceroller/main.go:262.5,263.1 1 0
github.com/docfrench/diceroller/main.go:264.4,264.19 1 0
github.com/docfrench/diceroller/main.go:267.3,269.1 3 0
github.com/docfrench/diceroller/main.go:270.3,270.16 3 0
github.com/docfrench/diceroller/main.go:271.4,272.1 1 0
github.com/docfrench/diceroller/main.go:274.3,274.7 1 0
github.com/docfrench/diceroller/main.go:275.4,275.11 1 0
github.com/docfrench/diceroller/main.go:277.5,277.12 1 0
github.com/docfrench/diceroller/main.go:279.6,280.1 1 0
github.com/docfrench/diceroller/main.go:281.5,282.20 2 0
github.com/docfrench/diceroller/main.go:286.5,286.11 1 0
github.com/docfrench/diceroller/main.go:293.2,293.40 1 0
github.com/docfrench/diceroller/main.go:295.3,296.1 1 0
github.com/docfrench/diceroller/main.go:297.2,297.33 1 0
github.com/docfrench/diceroller/main.go:298.3,299.1 1 0
github.com/docfrench/diceroller/main.go:300.2,300.15 1 0
github.com/docfrench/diceroller/main.go:301.3,301.36 1 0
github.com/docfrench/diceroller/main.go:302.4,303.1 1 0
github.com/docfrench/diceroller/main.go:305.2,312.46 8 0
